// Jest Snapshot v1, https://goo.gl/fbAQLP

exports[`<App /> should render and match the snapshot 1`] = `
<Router
  history={
    Object {
      "action": "POP",
      "block": [Function],
      "createHref": [Function],
      "go": [Function],
      "goBack": [Function],
      "goForward": [Function],
      "length": 1,
      "listen": [Function],
      "location": Object {
        "hash": "",
        "pathname": "/",
        "search": "",
        "state": undefined,
      },
      "push": [Function],
      "replace": [Function],
    }
  }
>
  <Helmet
    defaultTitle="kkiyama117 Homepage"
    defer={true}
    encodeSpecialCharacters={true}
    titleTemplate="%s - kkiyama117 homepage"
  >
    <meta
      content="Manager for every penguins to taking off"
      name="description"
    />
  </Helmet>
  <Switch>
    <Route
      component={[Function]}
      exact={true}
      path="/"
    />
    <Route
      component={[Function]}
    />
  </Switch>
  <UNDEFINED />
</Router>
`;
